/*
 * $FreeBSD$
 */

FBSDprivate_1.0 {
  __softboundcets_abort;
  __softboundcets_init;
  __softboundcets_printf;
  __softboundcets_global_lock;
  __softboundcets_allocation_secondary_trie_allocate;
  __softboundcets_global_init;
  __softboundcets_allocate_shadow_stack_space;
  __softboundcets_load_base_shadow_stack;
  __softboundcets_load_bound_shadow_stack;
  __softboundcets_load_key_shadow_stack;
  __softboundcets_load_lock_shadow_stack;
  __softboundcets_store_base_shadow_stack;
  __softboundcets_store_bound_shadow_stack;
  __softboundcets_store_key_shadow_stack;
  __softboundcets_store_lock_shadow_stack;
  __softboundcets_deallocate_shadow_stack_space;
  __softboundcets_trie_allocate;
  __softboundcets_introspect_metadata;
  __softboundcets_copy_metadata;
  __softboundcets_shrink_bounds;
  __softboundcets_spatial_call_dereference_check;
  __softboundcets_spatial_load_dereference_check;
  __softboundcets_spatial_store_dereference_check;
  __softboundcets_memcopy_check;
  __softboundcets_memset_check;
  __softboundcets_metadata_store;
  __softboundcets_metadata_map;
  __softboundcets_metadata_load_base;
  __softboundcets_metadata_load_bound;
  __softboundcets_metadata_load_key;
  __softboundcets_metadata_load_lock;
  __softboundcets_metadata_load;
  __softboundcets_temporal_load_dereference_check;
  __softboundcets_temporal_store_dereference_check;
  __softboundcets_stack_memory_deallocation;
  __softboundcets_memory_deallocation;
  __softboundcets_allocate_lock_location;
  __softboundcets_allocation_secondary_trie_allocate_range;
  __softboundcets_allocation_secondary_trie_allocate;
  __softboundcets_stack_memory_allocation;
  __softboundcets_memory_allocation;
  __softboundcets_get_global_lock;
  __softboundcets_add_to_free_map;
  __softboundcets_check_remove_from_free_map;
};
